0 verbose cli C:\Program Files\nodejs\node.exe C:\Program Files\nodejs\node_modules\npm\bin\npm-cli.js
1 info using npm@10.9.3
2 info using node@v22.20.0
3 silly config load:file:C:\Program Files\nodejs\node_modules\npm\npmrc
4 silly config load:file:C:\Users\edupa\OneDrive\Escritorio\Personal\5 Github\3 pumPPoker\.npmrc
5 silly config load:file:C:\Users\edupa\.npmrc
6 silly config load:file:C:\Users\edupa\AppData\Roaming\npm\etc\npmrc
7 verbose title npm ci
8 verbose argv "ci" "--ignore-scripts" "--no-audit" "--no-fund"
9 verbose logfile logs-max:10 dir:C:\Users\edupa\OneDrive\Escritorio\Personal\5 Github\3 pumPPoker\.npm-cache\_logs\2026-09-14T15_58_03_900Z-
10 verbose logfile C:\Users\edupa\OneDrive\Escritorio\Personal\5 Github\3 pumPPoker\.npm-cache\_logs\2026-09-14T15_58_03_900Z-debug-0.log
11 silly logfile done cleaning log files
12 silly packumentCache heap:4345298944 maxSize:1086324736 maxEntrySize:543162368
13 silly idealTree buildDeps
14 silly reify moves {}
15 verbose reify failed optional dependency C:\Users\edupa\OneDrive\Escritorio\Personal\5 Github\3 pumPPoker\node_modules\fsevents
16 silly reify mark deleted [
16 silly reify   'C:\\Users\\edupa\\OneDrive\\Escritorio\\Personal\\5 Github\\3 pumPPoker\\node_modules\\fsevents'
16 silly reify ]
17 verbose reify failed optional dependency C:\Users\edupa\OneDrive\Escritorio\Personal\5 Github\3 pumPPoker\node_modules\@rollup\rollup-win32-ia32-msvc
18 silly reify mark deleted [
18 silly reify   'C:\\Users\\edupa\\OneDrive\\Escritorio\\Personal\\5 Github\\3 pumPPoker\\node_modules\\@rollup\\rollup-win32-ia32-msvc'
18 silly reify ]
19 verbose reify failed optional dependency C:\Users\edupa\OneDrive\Escritorio\Personal\5 Github\3 pumPPoker\node_modules\@rollup\rollup-win32-arm64-msvc
20 silly reify mark deleted [
20 silly reify   'C:\\Users\\edupa\\OneDrive\\Escritorio\\Personal\\5 Github\\3 pumPPoker\\node_modules\\@rollup\\rollup-win32-arm64-msvc'
20 silly reify ]
21 verbose reify failed optional dependency C:\Users\edupa\OneDrive\Escritorio\Personal\5 Github\3 pumPPoker\node_modules\@rollup\rollup-openharmony-arm64
22 silly reify mark deleted [
22 silly reify   'C:\\Users\\edupa\\OneDrive\\Escritorio\\Personal\\5 Github\\3 pumPPoker\\node_modules\\@rollup\\rollup-openharmony-arm64'
22 silly reify ]
23 verbose reify failed optional dependency C:\Users\edupa\OneDrive\Escritorio\Personal\5 Github\3 pumPPoker\node_modules\@rollup\rollup-openbsd-x64
24 silly reify mark deleted [
24 silly reify   'C:\\Users\\edupa\\OneDrive\\Escritorio\\Personal\\5 Github\\3 pumPPoker\\node_modules\\@rollup\\rollup-openbsd-x64'
24 silly reify ]
25 verbose reify failed optional dependency C:\Users\edupa\OneDrive\Escritorio\Personal\5 Github\3 pumPPoker\node_modules\@rollup\rollup-linux-x64-musl
26 silly reify mark deleted [
26 silly reify   'C:\\Users\\edupa\\OneDrive\\Escritorio\\Personal\\5 Github\\3 pumPPoker\\node_modules\\@rollup\\rollup-linux-x64-musl'
26 silly reify ]
27 verbose reify failed optional dependency C:\Users\edupa\OneDrive\Escritorio\Personal\5 Github\3 pumPPoker\node_modules\@rollup\rollup-linux-x64-gnu
28 silly reify mark deleted [
28 silly reify   'C:\\Users\\edupa\\OneDrive\\Escritorio\\Personal\\5 Github\\3 pumPPoker\\node_modules\\@rollup\\rollup-linux-x64-gnu'
28 silly reify ]
29 verbose reify failed optional dependency C:\Users\edupa\OneDrive\Escritorio\Personal\5 Github\3 pumPPoker\node_modules\@rollup\rollup-linux-s390x-gnu
30 silly reify mark deleted [
30 silly reify   'C:\\Users\\edupa\\OneDrive\\Escritorio\\Personal\\5 Github\\3 pumPPoker\\node_modules\\@rollup\\rollup-linux-s390x-gnu'
30 silly reify ]
31 verbose reify failed optional dependency C:\Users\edupa\OneDrive\Escritorio\Personal\5 Github\3 pumPPoker\node_modules\@rollup\rollup-linux-riscv64-musl
32 silly reify mark deleted [
32 silly reify   'C:\\Users\\edupa\\OneDrive\\Escritorio\\Personal\\5 Github\\3 pumPPoker\\node_modules\\@rollup\\rollup-linux-riscv64-musl'
32 silly reify ]
33 verbose reify failed optional dependency C:\Users\edupa\OneDrive\Escritorio\Personal\5 Github\3 pumPPoker\node_modules\@rollup\rollup-linux-riscv64-gnu
34 silly reify mark deleted [
34 silly reify   'C:\\Users\\edupa\\OneDrive\\Escritorio\\Personal\\5 Github\\3 pumPPoker\\node_modules\\@rollup\\rollup-linux-riscv64-gnu'
34 silly reify ]
35 verbose reify failed optional dependency C:\Users\edupa\OneDrive\Escritorio\Personal\5 Github\3 pumPPoker\node_modules\@rollup\rollup-linux-ppc64-musl
36 silly reify mark deleted [
36 silly reify   'C:\\Users\\edupa\\OneDrive\\Escritorio\\Personal\\5 Github\\3 pumPPoker\\node_modules\\@rollup\\rollup-linux-ppc64-musl'
36 silly reify ]
37 verbose reify failed optional dependency C:\Users\edupa\OneDrive\Escritorio\Personal\5 Github\3 pumPPoker\node_modules\@rollup\rollup-linux-ppc64-gnu
38 silly reify mark deleted [
38 silly reify   'C:\\Users\\edupa\\OneDrive\\Escritorio\\Personal\\5 Github\\3 pumPPoker\\node_modules\\@rollup\\rollup-linux-ppc64-gnu'
38 silly reify ]
39 verbose reify failed optional dependency C:\Users\edupa\OneDrive\Escritorio\Personal\5 Github\3 pumPPoker\node_modules\@rollup\rollup-linux-loong64-musl
40 silly reify mark deleted [
40 silly reify   'C:\\Users\\edupa\\OneDrive\\Escritorio\\Personal\\5 Github\\3 pumPPoker\\node_modules\\@rollup\\rollup-linux-loong64-musl'
40 silly reify ]
41 verbose reify failed optional dependency C:\Users\edupa\OneDrive\Escritorio\Personal\5 Github\3 pumPPoker\node_modules\@rollup\rollup-linux-loong64-gnu
42 silly reify mark deleted [
42 silly reify   'C:\\Users\\edupa\\OneDrive\\Escritorio\\Personal\\5 Github\\3 pumPPoker\\node_modules\\@rollup\\rollup-linux-loong64-gnu'
42 silly reify ]
43 verbose reify failed optional dependency C:\Users\edupa\OneDrive\Escritorio\Personal\5 Github\3 pumPPoker\node_modules\@rollup\rollup-linux-arm64-musl
44 silly reify mark deleted [
44 silly reify   'C:\\Users\\edupa\\OneDrive\\Escritorio\\Personal\\5 Github\\3 pumPPoker\\node_modules\\@rollup\\rollup-linux-arm64-musl'
44 silly reify ]
45 verbose reify failed optional dependency C:\Users\edupa\OneDrive\Escritorio\Personal\5 Github\3 pumPPoker\node_modules\@rollup\rollup-linux-arm64-gnu
46 silly reify mark deleted [
46 silly reify   'C:\\Users\\edupa\\OneDrive\\Escritorio\\Personal\\5 Github\\3 pumPPoker\\node_modules\\@rollup\\rollup-linux-arm64-gnu'
46 silly reify ]
47 verbose reify failed optional dependency C:\Users\edupa\OneDrive\Escritorio\Personal\5 Github\3 pumPPoker\node_modules\@rollup\rollup-linux-arm-musleabihf
48 silly reify mark deleted [
48 silly reify   'C:\\Users\\edupa\\OneDrive\\Escritorio\\Personal\\5 Github\\3 pumPPoker\\node_modules\\@rollup\\rollup-linux-arm-musleabihf'
48 silly reify ]
49 verbose reify failed optional dependency C:\Users\edupa\OneDrive\Escritorio\Personal\5 Github\3 pumPPoker\node_modules\@rollup\rollup-linux-arm-gnueabihf
50 silly reify mark deleted [
50 silly reify   'C:\\Users\\edupa\\OneDrive\\Escritorio\\Personal\\5 Github\\3 pumPPoker\\node_modules\\@rollup\\rollup-linux-arm-gnueabihf'
50 silly reify ]
51 verbose reify failed optional dependency C:\Users\edupa\OneDrive\Escritorio\Personal\5 Github\3 pumPPoker\node_modules\@rollup\rollup-freebsd-x64
52 silly reify mark deleted [
52 silly reify   'C:\\Users\\edupa\\OneDrive\\Escritorio\\Personal\\5 Github\\3 pumPPoker\\node_modules\\@rollup\\rollup-freebsd-x64'
52 silly reify ]
53 verbose reify failed optional dependency C:\Users\edupa\OneDrive\Escritorio\Personal\5 Github\3 pumPPoker\node_modules\@rollup\rollup-freebsd-arm64
54 silly reify mark deleted [
54 silly reify   'C:\\Users\\edupa\\OneDrive\\Escritorio\\Personal\\5 Github\\3 pumPPoker\\node_modules\\@rollup\\rollup-freebsd-arm64'
54 silly reify ]
55 verbose reify failed optional dependency C:\Users\edupa\OneDrive\Escritorio\Personal\5 Github\3 pumPPoker\node_modules\@rollup\rollup-darwin-x64
56 silly reify mark deleted [
56 silly reify   'C:\\Users\\edupa\\OneDrive\\Escritorio\\Personal\\5 Github\\3 pumPPoker\\node_modules\\@rollup\\rollup-darwin-x64'
56 silly reify ]
57 verbose reify failed optional dependency C:\Users\edupa\OneDrive\Escritorio\Personal\5 Github\3 pumPPoker\node_modules\@rollup\rollup-darwin-arm64
58 silly reify mark deleted [
58 silly reify   'C:\\Users\\edupa\\OneDrive\\Escritorio\\Personal\\5 Github\\3 pumPPoker\\node_modules\\@rollup\\rollup-darwin-arm64'
58 silly reify ]
59 verbose reify failed optional dependency C:\Users\edupa\OneDrive\Escritorio\Personal\5 Github\3 pumPPoker\node_modules\@rollup\rollup-android-arm64
60 silly reify mark deleted [
60 silly reify   'C:\\Users\\edupa\\OneDrive\\Escritorio\\Personal\\5 Github\\3 pumPPoker\\node_modules\\@rollup\\rollup-android-arm64'
60 silly reify ]
61 verbose reify failed optional dependency C:\Users\edupa\OneDrive\Escritorio\Personal\5 Github\3 pumPPoker\node_modules\@rollup\rollup-android-arm-eabi
62 silly reify mark deleted [
62 silly reify   'C:\\Users\\edupa\\OneDrive\\Escritorio\\Personal\\5 Github\\3 pumPPoker\\node_modules\\@rollup\\rollup-android-arm-eabi'
62 silly reify ]
63 verbose reify failed optional dependency C:\Users\edupa\OneDrive\Escritorio\Personal\5 Github\3 pumPPoker\node_modules\@napi-rs\lzma-linux-x64-gnu
64 silly reify mark deleted [
64 silly reify   'C:\\Users\\edupa\\OneDrive\\Escritorio\\Personal\\5 Github\\3 pumPPoker\\node_modules\\@napi-rs\\lzma-linux-x64-gnu'
64 silly reify ]
65 verbose reify failed optional dependency C:\Users\edupa\OneDrive\Escritorio\Personal\5 Github\3 pumPPoker\node_modules\@esbuild\win32-ia32
66 silly reify mark deleted [
66 silly reify   'C:\\Users\\edupa\\OneDrive\\Escritorio\\Personal\\5 Github\\3 pumPPoker\\node_modules\\@esbuild\\win32-ia32'
66 silly reify ]
67 verbose reify failed optional dependency C:\Users\edupa\OneDrive\Escritorio\Personal\5 Github\3 pumPPoker\node_modules\@esbuild\win32-arm64
68 silly reify mark deleted [
68 silly reify   'C:\\Users\\edupa\\OneDrive\\Escritorio\\Personal\\5 Github\\3 pumPPoker\\node_modules\\@esbuild\\win32-arm64'
68 silly reify ]
69 verbose reify failed optional dependency C:\Users\edupa\OneDrive\Escritorio\Personal\5 Github\3 pumPPoker\node_modules\@esbuild\sunos-x64
70 silly reify mark deleted [
70 silly reify   'C:\\Users\\edupa\\OneDrive\\Escritorio\\Personal\\5 Github\\3 pumPPoker\\node_modules\\@esbuild\\sunos-x64'
70 silly reify ]
71 verbose reify failed optional dependency C:\Users\edupa\OneDrive\Escritorio\Personal\5 Github\3 pumPPoker\node_modules\@esbuild\openharmony-arm64
72 silly reify mark deleted [
72 silly reify   'C:\\Users\\edupa\\OneDrive\\Escritorio\\Personal\\5 Github\\3 pumPPoker\\node_modules\\@esbuild\\openharmony-arm64'
72 silly reify ]
73 verbose reify failed optional dependency C:\Users\edupa\OneDrive\Escritorio\Personal\5 Github\3 pumPPoker\node_modules\@esbuild\openbsd-x64
74 silly reify mark deleted [
74 silly reify   'C:\\Users\\edupa\\OneDrive\\Escritorio\\Personal\\5 Github\\3 pumPPoker\\node_modules\\@esbuild\\openbsd-x64'
74 silly reify ]
75 verbose reify failed optional dependency C:\Users\edupa\OneDrive\Escritorio\Personal\5 Github\3 pumPPoker\node_modules\@esbuild\openbsd-arm64
76 silly reify mark deleted [
76 silly reify   'C:\\Users\\edupa\\OneDrive\\Escritorio\\Personal\\5 Github\\3 pumPPoker\\node_modules\\@esbuild\\openbsd-arm64'
76 silly reify ]
77 verbose reify failed optional dependency C:\Users\edupa\OneDrive\Escritorio\Personal\5 Github\3 pumPPoker\node_modules\@esbuild\netbsd-x64
78 silly reify mark deleted [
78 silly reify   'C:\\Users\\edupa\\OneDrive\\Escritorio\\Personal\\5 Github\\3 pumPPoker\\node_modules\\@esbuild\\netbsd-x64'
78 silly reify ]
79 verbose reify failed optional dependency C:\Users\edupa\OneDrive\Escritorio\Personal\5 Github\3 pumPPoker\node_modules\@esbuild\netbsd-arm64
80 silly reify mark deleted [
80 silly reify   'C:\\Users\\edupa\\OneDrive\\Escritorio\\Personal\\5 Github\\3 pumPPoker\\node_modules\\@esbuild\\netbsd-arm64'
80 silly reify ]
81 verbose reify failed optional dependency C:\Users\edupa\OneDrive\Escritorio\Personal\5 Github\3 pumPPoker\node_modules\@esbuild\linux-x64
82 silly reify mark deleted [
82 silly reify   'C:\\Users\\edupa\\OneDrive\\Escritorio\\Personal\\5 Github\\3 pumPPoker\\node_modules\\@esbuild\\linux-x64'
82 silly reify ]
83 verbose reify failed optional dependency C:\Users\edupa\OneDrive\Escritorio\Personal\5 Github\3 pumPPoker\node_modules\@esbuild\linux-s390x
84 silly reify mark deleted [
84 silly reify   'C:\\Users\\edupa\\OneDrive\\Escritorio\\Personal\\5 Github\\3 pumPPoker\\node_modules\\@esbuild\\linux-s390x'
84 silly reify ]
85 verbose reify failed optional dependency C:\Users\edupa\OneDrive\Escritorio\Personal\5 Github\3 pumPPoker\node_modules\@esbuild\linux-riscv64
86 silly reify mark deleted [
86 silly reify   'C:\\Users\\edupa\\OneDrive\\Escritorio\\Personal\\5 Github\\3 pumPPoker\\node_modules\\@esbuild\\linux-riscv64'
86 silly reify ]
87 verbose reify failed optional dependency C:\Users\edupa\OneDrive\Escritorio\Personal\5 Github\3 pumPPoker\node_modules\@esbuild\linux-ppc64
88 silly reify mark deleted [
88 silly reify   'C:\\Users\\edupa\\OneDrive\\Escritorio\\Personal\\5 Github\\3 pumPPoker\\node_modules\\@esbuild\\linux-ppc64'
88 silly reify ]
89 verbose reify failed optional dependency C:\Users\edupa\OneDrive\Escritorio\Personal\5 Github\3 pumPPoker\node_modules\@esbuild\linux-mips64el
90 silly reify mark deleted [
90 silly reify   'C:\\Users\\edupa\\OneDrive\\Escritorio\\Personal\\5 Github\\3 pumPPoker\\node_modules\\@esbuild\\linux-mips64el'
90 silly reify ]
91 verbose reify failed optional dependency C:\Users\edupa\OneDrive\Escritorio\Personal\5 Github\3 pumPPoker\node_modules\@esbuild\linux-loong64
92 silly reify mark deleted [
92 silly reify   'C:\\Users\\edupa\\OneDrive\\Escritorio\\Personal\\5 Github\\3 pumPPoker\\node_modules\\@esbuild\\linux-loong64'
92 silly reify ]
93 verbose reify failed optional dependency C:\Users\edupa\OneDrive\Escritorio\Personal\5 Github\3 pumPPoker\node_modules\@esbuild\linux-ia32
94 silly reify mark deleted [
94 silly reify   'C:\\Users\\edupa\\OneDrive\\Escritorio\\Personal\\5 Github\\3 pumPPoker\\node_modules\\@esbuild\\linux-ia32'
94 silly reify ]
95 verbose reify failed optional dependency C:\Users\edupa\OneDrive\Escritorio\Personal\5 Github\3 pumPPoker\node_modules\@esbuild\linux-arm64
96 silly reify mark deleted [
96 silly reify   'C:\\Users\\edupa\\OneDrive\\Escritorio\\Personal\\5 Github\\3 pumPPoker\\node_modules\\@esbuild\\linux-arm64'
96 silly reify ]
97 verbose reify failed optional dependency C:\Users\edupa\OneDrive\Escritorio\Personal\5 Github\3 pumPPoker\node_modules\@esbuild\linux-arm
98 silly reify mark deleted [
98 silly reify   'C:\\Users\\edupa\\OneDrive\\Escritorio\\Personal\\5 Github\\3 pumPPoker\\node_modules\\@esbuild\\linux-arm'
98 silly reify ]
99 verbose reify failed optional dependency C:\Users\edupa\OneDrive\Escritorio\Personal\5 Github\3 pumPPoker\node_modules\@esbuild\freebsd-x64
100 silly reify mark deleted [
100 silly reify   'C:\\Users\\edupa\\OneDrive\\Escritorio\\Personal\\5 Github\\3 pumPPoker\\node_modules\\@esbuild\\freebsd-x64'
100 silly reify ]
101 verbose reify failed optional dependency C:\Users\edupa\OneDrive\Escritorio\Personal\5 Github\3 pumPPoker\node_modules\@esbuild\freebsd-arm64
102 silly reify mark deleted [
102 silly reify   'C:\\Users\\edupa\\OneDrive\\Escritorio\\Personal\\5 Github\\3 pumPPoker\\node_modules\\@esbuild\\freebsd-arm64'
102 silly reify ]
103 verbose reify failed optional dependency C:\Users\edupa\OneDrive\Escritorio\Personal\5 Github\3 pumPPoker\node_modules\@esbuild\darwin-x64
104 silly reify mark deleted [
104 silly reify   'C:\\Users\\edupa\\OneDrive\\Escritorio\\Personal\\5 Github\\3 pumPPoker\\node_modules\\@esbuild\\darwin-x64'
104 silly reify ]
105 verbose reify failed optional dependency C:\Users\edupa\OneDrive\Escritorio\Personal\5 Github\3 pumPPoker\node_modules\@esbuild\darwin-arm64
106 silly reify mark deleted [
106 silly reify   'C:\\Users\\edupa\\OneDrive\\Escritorio\\Personal\\5 Github\\3 pumPPoker\\node_modules\\@esbuild\\darwin-arm64'
106 silly reify ]
107 verbose reify failed optional dependency C:\Users\edupa\OneDrive\Escritorio\Personal\5 Github\3 pumPPoker\node_modules\@esbuild\android-x64
108 silly reify mark deleted [
108 silly reify   'C:\\Users\\edupa\\OneDrive\\Escritorio\\Personal\\5 Github\\3 pumPPoker\\node_modules\\@esbuild\\android-x64'
108 silly reify ]
109 verbose reify failed optional dependency C:\Users\edupa\OneDrive\Escritorio\Personal\5 Github\3 pumPPoker\node_modules\@esbuild\android-arm64
110 silly reify mark deleted [
110 silly reify   'C:\\Users\\edupa\\OneDrive\\Escritorio\\Personal\\5 Github\\3 pumPPoker\\node_modules\\@esbuild\\android-arm64'
110 silly reify ]
111 verbose reify failed optional dependency C:\Users\edupa\OneDrive\Escritorio\Personal\5 Github\3 pumPPoker\node_modules\@esbuild\android-arm
112 silly reify mark deleted [
112 silly reify   'C:\\Users\\edupa\\OneDrive\\Escritorio\\Personal\\5 Github\\3 pumPPoker\\node_modules\\@esbuild\\android-arm'
112 silly reify ]
113 verbose reify failed optional dependency C:\Users\edupa\OneDrive\Escritorio\Personal\5 Github\3 pumPPoker\node_modules\@esbuild\aix-ppc64
114 silly reify mark deleted [
114 silly reify   'C:\\Users\\edupa\\OneDrive\\Escritorio\\Personal\\5 Github\\3 pumPPoker\\node_modules\\@esbuild\\aix-ppc64'
114 silly reify ]
115 http cache vite@https://registry.npmjs.org/vite/-/vite-7.3.6.tgz 1ms (cache hit)
116 http cache typescript@https://registry.npmjs.org/typescript/-/typescript-5.9.3.tgz 0ms (cache hit)
117 http cache tinyglobby@https://registry.npmjs.org/tinyglobby/-/tinyglobby-0.2.17.tgz 0ms (cache hit)
118 http cache source-map-js@https://registry.npmjs.org/source-map-js/-/source-map-js-1.2.1.tgz 0ms (cache hit)
119 http cache scheduler@https://registry.npmjs.org/scheduler/-/scheduler-0.27.0.tgz 0ms (cache hit)
120 http cache rollup@https://registry.npmjs.org/rollup/-/rollup-4.63.1.tgz 0ms (cache hit)
121 http cache react-dom@https://registry.npmjs.org/react-dom/-/react-dom-19.2.8.tgz 0ms (cache hit)
122 http cache postcss@https://registry.npmjs.org/postcss/-/postcss-8.5.28.tgz 0ms (cache hit)
123 http cache react@https://registry.npmjs.org/react/-/react-19.2.8.tgz 0ms (cache hit)
124 http cache picocolors@https://registry.npmjs.org/picocolors/-/picocolors-1.1.1.tgz 0ms (cache hit)
125 http cache picomatch@https://registry.npmjs.org/picomatch/-/picomatch-4.0.7.tgz 0ms (cache hit)
126 http cache nanoid@https://registry.npmjs.org/nanoid/-/nanoid-3.3.18.tgz 0ms (cache hit)
127 http cache @types/react@https://registry.npmjs.org/@types/react/-/react-19.2.18.tgz 0ms (cache hit)
128 http cache fdir@https://registry.npmjs.org/fdir/-/fdir-6.5.0.tgz 0ms (cache hit)
129 http cache @types/react-dom@https://registry.npmjs.org/@types/react-dom/-/react-dom-19.2.7.tgz 0ms (cache hit)
130 http cache @types/estree@https://registry.npmjs.org/@types/estree/-/estree-1.0.9.tgz 0ms (cache hit)
131 http cache @rollup/rollup-win32-x64-msvc@https://registry.npmjs.org/@rollup/rollup-win32-x64-msvc/-/rollup-win32-x64-msvc-4.63.1.tgz 0ms (cache hit)
132 http cache @rollup/rollup-win32-x64-gnu@https://registry.npmjs.org/@rollup/rollup-win32-x64-gnu/-/rollup-win32-x64-gnu-4.63.1.tgz 0ms (cache hit)
133 silly tarball no local data for vite@https://registry.npmjs.org/vite/-/vite-7.3.6.tgz. Extracting by manifest.
134 silly tarball no local data for typescript@https://registry.npmjs.org/typescript/-/typescript-5.9.3.tgz. Extracting by manifest.
135 silly tarball no local data for tinyglobby@https://registry.npmjs.org/tinyglobby/-/tinyglobby-0.2.17.tgz. Extracting by manifest.
136 silly tarball no local data for source-map-js@https://registry.npmjs.org/source-map-js/-/source-map-js-1.2.1.tgz. Extracting by manifest.
137 silly tarball no local data for scheduler@https://registry.npmjs.org/scheduler/-/scheduler-0.27.0.tgz. Extracting by manifest.
138 silly tarball no local data for rollup@https://registry.npmjs.org/rollup/-/rollup-4.63.1.tgz. Extracting by manifest.
139 silly tarball no local data for react-dom@https://registry.npmjs.org/react-dom/-/react-dom-19.2.8.tgz. Extracting by manifest.
140 silly tarball no local data for postcss@https://registry.npmjs.org/postcss/-/postcss-8.5.28.tgz. Extracting by manifest.
141 silly tarball no local data for react@https://registry.npmjs.org/react/-/react-19.2.8.tgz. Extracting by manifest.
142 silly tarball no local data for picocolors@https://registry.npmjs.org/picocolors/-/picocolors-1.1.1.tgz. Extracting by manifest.
143 silly tarball no local data for picomatch@https://registry.npmjs.org/picomatch/-/picomatch-4.0.7.tgz. Extracting by manifest.
144 silly tarball no local data for nanoid@https://registry.npmjs.org/nanoid/-/nanoid-3.3.18.tgz. Extracting by manifest.
145 http cache esbuild@https://registry.npmjs.org/esbuild/-/esbuild-0.28.2.tgz 0ms (cache hit)
146 http cache csstype@https://registry.npmjs.org/csstype/-/csstype-3.2.3.tgz 0ms (cache hit)
147 http cache @esbuild/win32-x64@https://registry.npmjs.org/@esbuild/win32-x64/-/win32-x64-0.28.2.tgz 0ms (cache hit)
148 silly tarball no local data for @types/react@https://registry.npmjs.org/@types/react/-/react-19.2.18.tgz. Extracting by manifest.
149 silly tarball no local data for fdir@https://registry.npmjs.org/fdir/-/fdir-6.5.0.tgz. Extracting by manifest.
150 silly tarball no local data for @types/react-dom@https://registry.npmjs.org/@types/react-dom/-/react-dom-19.2.7.tgz. Extracting by manifest.
151 silly tarball no local data for @types/estree@https://registry.npmjs.org/@types/estree/-/estree-1.0.9.tgz. Extracting by manifest.
152 silly tarball no local data for @rollup/rollup-win32-x64-msvc@https://registry.npmjs.org/@rollup/rollup-win32-x64-msvc/-/rollup-win32-x64-msvc-4.63.1.tgz. Extracting by manifest.
153 silly tarball no local data for @rollup/rollup-win32-x64-gnu@https://registry.npmjs.org/@rollup/rollup-win32-x64-gnu/-/rollup-win32-x64-gnu-4.63.1.tgz. Extracting by manifest.
154 silly tarball no local data for esbuild@https://registry.npmjs.org/esbuild/-/esbuild-0.28.2.tgz. Extracting by manifest.
155 silly tarball no local data for csstype@https://registry.npmjs.org/csstype/-/csstype-3.2.3.tgz. Extracting by manifest.
156 silly tarball no local data for @esbuild/win32-x64@https://registry.npmjs.org/@esbuild/win32-x64/-/win32-x64-0.28.2.tgz. Extracting by manifest.
157 http fetch GET 200 https://registry.npmjs.org/picocolors/-/picocolors-1.1.1.tgz 451ms (cache miss)
158 http fetch GET 200 https://registry.npmjs.org/@types/estree/-/estree-1.0.9.tgz 452ms (cache miss)
159 http fetch GET 200 https://registry.npmjs.org/fdir/-/fdir-6.5.0.tgz 538ms (cache miss)
160 http fetch GET 200 https://registry.npmjs.org/tinyglobby/-/tinyglobby-0.2.17.tgz 564ms (cache miss)
161 http fetch GET 200 https://registry.npmjs.org/esbuild/-/esbuild-0.28.2.tgz 558ms (cache miss)
162 http fetch GET 200 https://registry.npmjs.org/scheduler/-/scheduler-0.27.0.tgz 665ms (cache miss)
163 http fetch GET 200 https://registry.npmjs.org/picomatch/-/picomatch-4.0.7.tgz 704ms (cache miss)
164 http fetch GET 200 https://registry.npmjs.org/@types/react-dom/-/react-dom-19.2.7.tgz 746ms (cache miss)
165 http fetch GET 200 https://registry.npmjs.org/nanoid/-/nanoid-3.3.18.tgz 802ms (cache miss)
166 http fetch GET 200 https://registry.npmjs.org/source-map-js/-/source-map-js-1.2.1.tgz 822ms (cache miss)
167 http fetch GET 200 https://registry.npmjs.org/react/-/react-19.2.8.tgz 858ms (cache miss)
168 http fetch GET 200 https://registry.npmjs.org/csstype/-/csstype-3.2.3.tgz 808ms (cache miss)
169 http fetch GET 200 https://registry.npmjs.org/@types/react/-/react-19.2.18.tgz 870ms (cache miss)
170 http fetch GET 200 https://registry.npmjs.org/@rollup/rollup-win32-x64-gnu/-/rollup-win32-x64-gnu-4.63.1.tgz 1001ms (cache miss)
171 http fetch GET 200 https://registry.npmjs.org/@rollup/rollup-win32-x64-msvc/-/rollup-win32-x64-msvc-4.63.1.tgz 1079ms (cache miss)
172 http fetch GET 200 https://registry.npmjs.org/postcss/-/postcss-8.5.28.tgz 1255ms (cache miss)
173 http fetch GET 200 https://registry.npmjs.org/rollup/-/rollup-4.63.1.tgz 1405ms (cache miss)
174 http fetch GET 200 https://registry.npmjs.org/vite/-/vite-7.3.6.tgz 1483ms (cache miss)
175 http fetch GET 200 https://registry.npmjs.org/@esbuild/win32-x64/-/win32-x64-0.28.2.tgz 1597ms (cache miss)
176 http fetch GET 200 https://registry.npmjs.org/react-dom/-/react-dom-19.2.8.tgz 2067ms (cache miss)
177 http fetch GET 200 https://registry.npmjs.org/typescript/-/typescript-5.9.3.tgz 2712ms (cache miss)
178 silly ADD node_modules/vite
179 silly ADD node_modules/typescript
180 silly ADD node_modules/tinyglobby
181 silly ADD node_modules/source-map-js
182 silly ADD node_modules/scheduler
183 silly ADD node_modules/rollup
184 silly ADD node_modules/react-dom
185 silly ADD node_modules/react
186 silly ADD node_modules/postcss
187 silly ADD node_modules/picomatch
188 silly ADD node_modules/picocolors
189 silly ADD node_modules/nanoid
190 silly ADD
191 silly ADD node_modules/fdir
192 silly ADD node_modules/esbuild
193 silly ADD node_modules/csstype
194 silly ADD node_modules/@types/react-dom
195 silly ADD node_modules/@types/react
196 silly ADD node_modules/@types/estree
197 silly ADD node_modules/@rollup/rollup-win32-x64-msvc
198 silly ADD node_modules/@rollup/rollup-win32-x64-gnu
199 silly ADD
200 silly ADD
201 silly ADD
202 silly ADD
203 silly ADD
204 silly ADD
205 silly ADD
206 silly ADD
207 silly ADD
208 silly ADD
209 silly ADD
210 silly ADD
211 silly ADD
212 silly ADD
213 silly ADD
214 silly ADD
215 silly ADD
216 silly ADD
217 silly ADD
218 silly ADD
219 silly ADD
220 silly ADD
221 silly ADD
222 silly ADD
223 silly ADD node_modules/@esbuild/win32-x64
224 silly ADD
225 silly ADD
226 silly ADD
227 silly ADD
228 silly ADD
229 silly ADD
230 silly ADD
231 silly ADD
232 silly ADD
233 silly ADD
234 silly ADD
235 silly ADD
236 silly ADD
237 silly ADD
238 silly ADD
239 silly ADD
240 silly ADD
241 silly ADD
242 silly ADD
243 silly ADD
244 silly ADD
245 silly ADD
246 silly ADD
247 silly ADD
248 silly ADD
249 verbose cwd C:\Users\edupa\OneDrive\Escritorio\Personal\5 Github\3 pumPPoker
250 verbose os Windows_NT 10.0.26200
251 verbose node v22.20.0
252 verbose npm  v10.9.3
253 verbose exit 0
254 info ok
